\BOOKMARK [0][-]{chapter.1}{\376\377\000I\000n\000t\000r\000o\000d\000u\000c\000c\000i\000\363\000n}{}% 1
\BOOKMARK [0][-]{chapter.2}{\376\377\000I\000n\000t\000r\000o\000d\000u\000c\000c\000i\000\363\000n\000\040\000a\000\040\000l\000a\000\040\000P\000r\000o\000g\000r\000a\000m\000a\000c\000i\000\363\000n\000\040\000C\000o\000m\000p\000e\000t\000i\000t\000i\000v\000a}{}% 2
\BOOKMARK [1][-]{section.2.1}{\376\377\000\277\000P\000o\000r\000\040\000q\000u\000\351\000\040\000h\000a\000c\000e\000r\000\040\000p\000r\000o\000g\000r\000a\000m\000a\000c\000i\000\363\000n\000\040\000c\000o\000m\000p\000e\000t\000i\000t\000i\000v\000a\000?}{chapter.2}% 3
\BOOKMARK [2][-]{subsection.2.1.1}{\376\377\000B\000e\000n\000e\000f\000i\000c\000i\000o\000s\000\040\000A\000c\000a\000d\000\351\000m\000i\000c\000o\000s}{section.2.1}% 4
\BOOKMARK [2][-]{subsection.2.1.2}{\376\377\000O\000p\000o\000r\000t\000u\000n\000i\000d\000a\000d\000e\000s\000\040\000l\000a\000b\000o\000r\000a\000l\000e\000s}{section.2.1}% 5
\BOOKMARK [1][-]{section.2.2}{\376\377\000O\000t\000r\000o\000s\000\040\000c\000o\000n\000c\000u\000r\000s\000o\000s\000\040\000y\000\040\000p\000l\000a\000t\000a\000f\000o\000r\000m\000a\000s}{chapter.2}% 6
\BOOKMARK [2][-]{subsection.2.2.1}{\376\377\000E\000j\000e\000r\000c\000i\000c\000i\000o\000s}{section.2.2}% 7
\BOOKMARK [0][-]{chapter.3}{\376\377\000J\000u\000e\000c\000e\000s\000\040\000e\000n\000\040\000L\000\355\000n\000e\000a}{}% 8
\BOOKMARK [1][-]{section.3.1}{\376\377\000\277\000Q\000u\000\351\000\040\000h\000a\000c\000e\000\040\000u\000n\000\040\000j\000u\000e\000z\000\040\000e\000n\000\040\000l\000\355\000n\000e\000a\000?}{chapter.3}% 9
\BOOKMARK [2][-]{subsection.3.1.1}{\376\377\000D\000e\000\040\000l\000a\000\040\000p\000r\000o\000p\000u\000e\000s\000t\000a\000\040\000a\000l\000\040\000v\000e\000r\000e\000d\000i\000c\000t\000o}{section.3.1}% 10
\BOOKMARK [1][-]{section.3.2}{\376\377\000A\000r\000q\000u\000i\000t\000e\000c\000t\000u\000r\000a\000\040\000g\000e\000n\000e\000r\000a\000l}{chapter.3}% 11
\BOOKMARK [1][-]{section.3.3}{\376\377\000\277\000C\000\363\000m\000o\000\040\000c\000o\000m\000p\000a\000r\000a\000\040\000l\000a\000s\000\040\000r\000e\000s\000p\000u\000e\000s\000t\000a\000s\000?}{chapter.3}% 12
\BOOKMARK [1][-]{section.3.4}{\376\377\000C\000l\000a\000r\000i\000f\000i\000c\000a\000c\000i\000o\000n\000e\000s\000\040\000d\000u\000r\000a\000n\000t\000e\000\040\000u\000n\000\040\000c\000o\000n\000c\000u\000r\000s\000o}{chapter.3}% 13
\BOOKMARK [1][-]{section.3.5}{\376\377\000A\000l\000g\000u\000n\000o\000s\000\040\000j\000u\000e\000c\000e\000s\000\040\000y\000\040\000p\000l\000a\000t\000a\000f\000o\000r\000m\000a\000s\000\040\000e\000n\000\040\000l\000\355\000n\000e\000a}{chapter.3}% 14
\BOOKMARK [1][-]{section.3.6}{\376\377\000U\000n\000a\000\040\000o\000b\000s\000e\000r\000v\000a\000c\000i\000\363\000n\000\040\000i\000m\000p\000o\000r\000t\000a\000n\000t\000e}{chapter.3}% 15
\BOOKMARK [0][-]{chapter.4}{\376\377\000E\000n\000t\000r\000a\000d\000a\000/\000S\000a\000l\000i\000d\000a}{}% 16
\BOOKMARK [1][-]{section.4.1}{\376\377\000P\000r\000i\000m\000e\000r\000\040\000c\000o\000n\000t\000a\000c\000t\000o\000\040\000c\000o\000n\000\040\000l\000a\000\040\000e\000n\000t\000r\000a\000d\000a\000\040\000y\000\040\000l\000a\000\040\000s\000a\000l\000i\000d\000a}{chapter.4}% 17
\BOOKMARK [1][-]{section.4.2}{\376\377\000E\000n\000t\000r\000a\000d\000a\000\040\000e\000s\000t\000\341\000n\000d\000a\000r\000,\000\040\000s\000a\000l\000i\000d\000a\000\040\000e\000s\000t\000\341\000n\000d\000a\000r\000\040\000y\000\040\000f\000u\000n\000c\000i\000o\000n\000e\000s\000\040\000d\000a\000d\000a\000s}{chapter.4}% 18
\BOOKMARK [1][-]{section.4.3}{\376\377\000P\000a\000t\000r\000o\000n\000e\000s\000\040\000c\000o\000m\000u\000n\000e\000s\000\040\000d\000e\000\040\000e\000n\000t\000r\000a\000d\000a}{chapter.4}% 19
\BOOKMARK [2][-]{subsection.4.3.1}{\376\377\000U\000n\000i\000c\000a\000s\000o}{section.4.3}% 20
\BOOKMARK [2][-]{subsection.4.3.2}{\376\377\000M\000u\000l\000t\000i\000c\000a\000s\000o\000\040\000e\000s\000p\000e\000c\000\355\000f\000i\000c\000o}{section.4.3}% 21
\BOOKMARK [2][-]{subsection.4.3.3}{\376\377\000M\000u\000l\000t\000i\000c\000a\000s\000o\000\040\000c\000o\000n\000t\000r\000o\000l\000a\000d\000o\000\040\000p\000o\000r\000\040\000v\000a\000l\000o\000r\000e\000s}{section.4.3}% 22
\BOOKMARK [2][-]{subsection.4.3.4}{\376\377\000M\000u\000l\000t\000i\000c\000a\000s\000o\000\040\000c\000o\000n\000t\000r\000o\000l\000a\000d\000o\000\040\000p\000o\000r\000\040\000E\000O\000F}{section.4.3}% 23
\BOOKMARK [2][-]{subsection.4.3.5}{\376\377\000M\000u\000l\000t\000i\000c\000a\000s\000o\000\040\000c\000o\000n\000\040\000s\000a\000l\000i\000d\000a\000\040\000n\000u\000m\000e\000r\000a\000d\000a}{section.4.3}% 24
\BOOKMARK [2][-]{subsection.4.3.6}{\376\377\000M\000u\000l\000t\000i\000c\000a\000s\000o\000\040\000c\000o\000n\000\040\000d\000a\000t\000o\000s\000\040\000e\000n\000\040\000u\000n\000a\000\040\000l\000\355\000n\000e\000a}{section.4.3}% 25
\BOOKMARK [2][-]{subsection.4.3.7}{\376\377\000O\000p\000c\000i\000\363\000n\000\040\000d\000e\000\040\000f\000u\000n\000c\000i\000\363\000n}{section.4.3}% 26
\BOOKMARK [1][-]{section.4.4}{\376\377\000U\000n\000a\000\040\000o\000b\000s\000e\000r\000v\000a\000c\000i\000\363\000n\000\040\000p\000r\000\341\000c\000t\000i\000c\000a}{chapter.4}% 27
\BOOKMARK [0][-]{chapter.5}{\376\377\000T\000e\000o\000r\000\355\000a\000\040\000d\000e\000\040\000n\000\372\000m\000e\000r\000o\000s}{}% 28
\BOOKMARK [1][-]{section.5.1}{\376\377\000B\000a\000s\000e\000s}{chapter.5}% 29
\BOOKMARK [1][-]{section.5.2}{\376\377\000A\000r\000i\000t\000m\000\351\000t\000i\000c\000a\000\040\000m\000o\000d\000u\000l\000a\000r}{chapter.5}% 30
\BOOKMARK [1][-]{section.5.3}{\376\377\000N\000\372\000m\000e\000r\000o\000s\000\040\000p\000r\000i\000m\000o\000s\000\040\000y\000\040\000c\000r\000i\000b\000a\000\040\000d\000e\000\040\000E\000r\000a\000t\000\363\000s\000t\000e\000n\000e\000s}{chapter.5}% 31
\BOOKMARK [1][-]{section.5.4}{\376\377\000T\000e\000o\000r\000e\000m\000a\000\040\000d\000e\000\040\000B\000\351\000z\000o\000u\000t}{chapter.5}% 32
\BOOKMARK [1][-]{section.5.5}{\376\377\000I\000n\000v\000e\000r\000s\000o\000\040\000m\000u\000l\000t\000i\000p\000l\000i\000c\000a\000t\000i\000v\000o\000\040\000m\000o\000d\000u\000l\000a\000r}{chapter.5}% 33
\BOOKMARK [1][-]{section.5.6}{\376\377\000P\000e\000q\000u\000e\000\361\000o\000\040\000t\000e\000o\000r\000e\000m\000a\000\040\000d\000e\000\040\000F\000e\000r\000m\000a\000t}{chapter.5}% 34
\BOOKMARK [1][-]{section.5.7}{\376\377\000C\000o\000n\000g\000r\000u\000e\000n\000c\000i\000a\000s\000\040\000l\000i\000n\000e\000a\000l\000e\000s\000\040\000y\000\040\000T\000e\000o\000r\000e\000m\000a\000\040\000C\000h\000i\000n\000o\000\040\000d\000e\000l\000\040\000R\000e\000s\000i\000d\000u\000o}{chapter.5}% 35
\BOOKMARK [1][-]{section.5.8}{\376\377\000F\000u\000n\000c\000i\000o\000n\000e\000s\000\040\000m\000u\000l\000t\000i\000p\000l\000i\000c\000a\000t\000i\000v\000a\000s}{chapter.5}% 36
\BOOKMARK [1][-]{section.5.9}{\376\377\000L\000o\000g\000a\000r\000i\000t\000m\000o\000\040\000d\000i\000s\000c\000r\000e\000t\000o\000\040\000y\000\040\000B\000a\000b\000y\000-\000s\000t\000e\000p\000\040\000G\000i\000a\000n\000t\000-\000s\000t\000e\000p}{chapter.5}% 37
\BOOKMARK [1][-]{section.5.10}{\376\377\000E\000j\000e\000r\000c\000i\000c\000i\000o\000s}{chapter.5}% 38
\BOOKMARK [0][-]{chapter.6}{\376\377\000C\000o\000m\000b\000i\000n\000a\000t\000o\000r\000i\000a\000\040\000y\000\040\000c\000o\000n\000t\000e\000o}{}% 39
\BOOKMARK [1][-]{section.6.1}{\376\377\000B\000a\000s\000e\000s}{chapter.6}% 40
\BOOKMARK [1][-]{section.6.2}{\376\377\000P\000e\000r\000m\000u\000t\000a\000c\000i\000o\000n\000e\000s}{chapter.6}% 41
\BOOKMARK [1][-]{section.6.3}{\376\377\000C\000o\000m\000b\000i\000n\000a\000c\000i\000o\000n\000e\000s}{chapter.6}% 42
\BOOKMARK [0][-]{chapter.7}{\376\377\000G\000e\000o\000m\000e\000t\000r\000\355\000a\000\040\000c\000o\000m\000p\000u\000t\000a\000c\000i\000o\000n\000a\000l}{}% 43
\BOOKMARK [1][-]{section.7.1}{\376\377\000B\000a\000s\000e\000s}{chapter.7}% 44
\BOOKMARK [1][-]{section.7.2}{\376\377\000I\000n\000t\000e\000r\000s\000e\000c\000c\000i\000o\000n\000e\000s}{chapter.7}% 45
\BOOKMARK [1][-]{section.7.3}{\376\377\000P\000o\000l\000\355\000g\000o\000n\000o\000s}{chapter.7}% 46
\BOOKMARK [1][-]{section.7.4}{\376\377\000C\000o\000n\000v\000e\000x\000\040\000H\000u\000l\000l}{chapter.7}% 47
\BOOKMARK [1][-]{section.7.5}{\376\377\000A\000l\000g\000o\000r\000i\000t\000m\000o\000s\000\040\000d\000e\000\040\000b\000a\000r\000r\000i\000d\000o}{chapter.7}% 48
\BOOKMARK [1][-]{section.7.6}{\376\377\000E\000j\000e\000r\000c\000i\000c\000i\000o\000s}{chapter.7}% 49
\BOOKMARK [1][-]{section.7.7}{\376\377\000P\000r\000o\000b\000l\000e\000m\000a\000s}{chapter.7}% 50
